2026-06-04T09:27:39.5475084Z,Updating submodules.,a4226796-4160-4718-a13a-a551205ae9a8,0
2026-06-04T09:27:40.7315406Z,Preparing deployment for commit id 'a2450cff-d'.,78065785-1507-4bc0-8e3f-f500b57b8cfc,0
2026-06-04T09:27:41.2022834Z,PreDeployment: context.CleanOutputPath False,3b25cd99-ebc7-4574-9624-26be4fb1f8ee,0
2026-06-04T09:27:41.3615767Z,PreDeployment: context.OutputPath /home/site/wwwroot,2b3dff07-19f9-48ad-89d6-6c848ef96047,0
2026-06-04T09:27:41.5285849Z,Repository path is /tmp/zipdeploy/extracted,50e8f1c9-52d9-482d-9beb-8c0edc52d73c,0
2026-06-04T09:27:41.7078630Z,Running oryx build...,b501dfd2-4a48-4953-af4d-cc1f97fb76ff,0
	2026-06-04T09:27:41.7334769Z,Command: oryx build /tmp/zipdeploy/extracted -o /home/site/wwwroot --platform nodejs --platform-version 22 -p virtualenv_name= --log-file /tmp/build-debug.log  -i /tmp/8dec21b867c1215 -p compress_node_modules=tar-gz | tee /tmp/oryx-build.log,,0
	2026-06-04T09:27:42.4662356Z,Operation performed by Microsoft Oryx&comma; https://github.com/Microsoft/Oryx,,0
	2026-06-04T09:27:42.4763884Z,You can report issues at https://github.com/Microsoft/Oryx/issues,,0
	2026-06-04T09:27:42.4838842Z,,,0
	2026-06-04T09:27:42.4955269Z,Oryx Version: 0.2.20260420.1+83c04e9ee1882dc90d279b63348824daedbd3c96&comma; Commit: 83c04e9ee1882dc90d279b63348824daedbd3c96&comma; ReleaseTagName: 20260420.1,,0
	2026-06-04T09:27:42.5044970Z,,,0
	2026-06-04T09:27:42.5115901Z,Build Operation ID: d38f5683b0f27179,,0
	2026-06-04T09:27:42.5239950Z,Repository Commit : a2450cff-da1d-4050-9b94-06b801b4953d,,0
	2026-06-04T09:27:42.5407971Z,OS Type           : bookworm,,0
	2026-06-04T09:27:42.5499103Z,Image Type        : githubactions,,0
	2026-06-04T09:27:42.5596233Z,,,0
	2026-06-04T09:27:42.5702463Z,Primary SDK Storage URL: https://oryx-cdn.microsoft.io,,0
	2026-06-04T09:27:42.5811104Z,Backup SDK Storage URL: ,,0
	2026-06-04T09:27:42.5887637Z,ACR SDK Registry URL: (not set),,0
	2026-06-04T09:27:42.5996203Z,SDK provider status:,,0
	2026-06-04T09:27:42.6134475Z,  External ACR SDK provider: Enabled,,0
	2026-06-04T09:27:42.6902949Z,  External SDK provider: Enabled,,0
	2026-06-04T09:27:42.7113183Z,  Direct ACR SDK provider: Disabled,,0
	2026-06-04T09:27:42.7236105Z,  Blob SDK provider: Enabled,,0
	2026-06-04T09:27:42.7419749Z,External ACR SDK provider is enabled. Only using user-specified platform: nodejs,,0
	2026-06-04T09:27:42.7671815Z,Detecting platforms...,,0
	2026-06-04T09:27:42.8702975Z,External ACR provider resolved version '22.22.2' for nodejs.,,0
	2026-06-04T09:27:42.8844119Z,Version resolved using external ACR SDK provider.,,0
	2026-06-04T09:27:42.8940591Z,Detected following platforms:,,0
	2026-06-04T09:27:42.9013755Z,  nodejs: 22.22.2,,0
	2026-06-04T09:27:42.9128944Z,Requesting SDK from ACR via external provider: nodejs 22.22.2 (bookworm),,0
	2026-06-04T09:27:44.3678125Z,Successfully pulled SDK from ACR via external provider: nodejs 22.22.2,,0
	2026-06-04T09:27:44.3995959Z,SDK for 'nodejs' version '22.22.2' fetched via external ACR provider.,,0
	2026-06-04T09:27:44.4072546Z,Version '22.22.2' of platform 'nodejs' is not installed. Generating script to install it...,,0
	2026-06-04T09:27:44.4617803Z,Detected the following frameworks: Express,,0
	2026-06-04T09:27:44.5676076Z,,,0
	2026-06-04T09:27:44.5865182Z,Using intermediate directory '/tmp/8dec21b867c1215'.,,0
	2026-06-04T09:27:44.5953183Z,,,0
	2026-06-04T09:27:44.6079669Z,Copying files to the intermediate directory...,,0
	2026-06-04T09:27:44.6487338Z,Copying files to intermediate directory done in 0 sec(s).,,0
	2026-06-04T09:27:44.6603028Z,,,0
	2026-06-04T09:27:44.6692471Z,Source directory     : /tmp/8dec21b867c1215,,0
	2026-06-04T09:27:44.6867088Z,Destination directory: /home/site/wwwroot,,0
	2026-06-04T09:27:44.7115654Z,,,0
	2026-06-04T09:27:44.7185388Z,Installing platform...,,0
	2026-06-04T09:27:44.7445637Z,,,0
	2026-06-04T09:27:44.7527075Z,Downloading and extracting 'nodejs' version '22.22.2' to '/tmp/oryx/platforms/nodejs/22.22.2'...,,0
	2026-06-04T09:27:44.7626707Z,Detected image debian flavor: bookworm.,,0
	2026-06-04T09:27:44.7843185Z,SDK binary download was skipped. Looking for cached tarball...,,0
	2026-06-04T09:27:44.7975241Z,Found tarball at /var/OryxAcrSdks/nodejs/nodejs-bookworm-22.22.2.tar.gz,,0
	2026-06-04T09:27:46.7083851Z,Successfully extracted nodejs version 22.22.2 from cached tarball.,,0
	2026-06-04T09:27:46.7525523Z,,,0
	2026-06-04T09:27:46.8085942Z,Platform installation done in 2 sec(s).,,0
	2026-06-04T09:27:46.9273980Z,Running build script snippets...,,0
	2026-06-04T09:27:47.0212201Z,Removing existing manifest file,,0
	2026-06-04T09:27:47.0556520Z,Creating directory for command manifest file if it does not exist,,0
	2026-06-04T09:27:47.0877079Z,Creating a manifest file...,,0
	2026-06-04T09:27:47.1036367Z,Node Build Command Manifest file created.,,0
	2026-06-04T09:27:47.1164486Z,,,0
	2026-06-04T09:27:47.1260889Z,Using Node version:,,0
	2026-06-04T09:27:47.8609313Z,v22.22.2,,0
	2026-06-04T09:27:47.8895913Z,,,0
	2026-06-04T09:27:47.8971696Z,Using Npm version:,,0
	2026-06-04T09:27:48.1281046Z,10.9.7,,0
	2026-06-04T09:27:48.1701893Z,,,0
	2026-06-04T09:27:48.1813374Z,Running 'npm install'...,,0
	2026-06-04T09:27:48.1964317Z,,,0
	2026-06-04T09:28:01.0720749Z,,,0
	2026-06-04T09:28:01.0877171Z,added 128 packages&comma; and audited 129 packages in 13s,,0
	2026-06-04T09:28:01.0983404Z,,,0
	2026-06-04T09:28:01.1089017Z,25 packages are looking for funding,,0
	2026-06-04T09:28:01.1212951Z,  run `npm fund` for details,,0
	2026-06-04T09:28:01.1322832Z,,,0
	2026-06-04T09:28:01.1431364Z,found 0 vulnerabilities,,0
	2026-06-04T09:28:01.1499138Z,,,0
	2026-06-04T09:28:01.1581699Z,Zipping existing node_modules folder...,,0
	2026-06-04T09:28:02.3530580Z,Done in 1 sec(s).,,0
	2026-06-04T09:28:02.3720028Z,Build script snippets done in 16 sec(s).,,0
	2026-06-04T09:28:02.3840001Z,Preparing output...,,0
	2026-06-04T09:28:02.3960426Z,Using standard output preparation...,,0
	2026-06-04T09:28:02.4553910Z,,,0
	2026-06-04T09:28:02.4650197Z,Copying files to destination directory '/home/site/wwwroot'...,,0
	2026-06-04T09:28:02.5031141Z,Copying to destination directory done in 0 sec(s).,,0
	2026-06-04T09:28:02.5178833Z,Total time for destination directory preparation done in 0 sec(s).,,0
	2026-06-04T09:28:02.5320426Z,,,0
	2026-06-04T09:28:02.5435348Z,Removing existing manifest file,,0
	2026-06-04T09:28:02.5790327Z,Creating a manifest file...,,0
	2026-06-04T09:28:02.5957610Z,Manifest file created.,,0
	2026-06-04T09:28:02.6063085Z,Copying .ostype to manifest output directory.,,0
	2026-06-04T09:28:02.6171581Z,,,0
	2026-06-04T09:28:02.6233342Z,Total execution done in 18 sec(s).,,0
2026-06-04T09:28:04.0761757Z,Running post deployment command(s)...,4eb6e7d0-c282-44c4-9de6-9703421ff4b3,0
2026-06-04T09:28:04.3038841Z,,2f78696c-d71d-47c2-b046-4189d0dd3695,0
2026-06-04T09:28:04.4878084Z,Generating summary of Oryx build,a75953e9-0435-4385-bef2-ba4cc3c48ff6,0
2026-06-04T09:28:04.7436931Z,Parsing the build logs,1adfe6d1-eb90-4fcb-a6bf-2eff6726f348,0
2026-06-04T09:28:04.9389013Z,Found 0 issue(s),61871375-7dc9-412f-8f2b-2593cf411681,0
2026-06-04T09:28:05.1016690Z,,081e2a7d-43ae-4a53-9705-8416914c021a,0
2026-06-04T09:28:05.3339135Z,Build Summary :,9567cbc1-9718-4f20-9706-1533c799d897,0
2026-06-04T09:28:05.5042419Z,===============,76a74ce8-f5be-4b78-b9e4-9f9a2d256393,0
2026-06-04T09:28:05.6657131Z,Errors (0),d6e9cfb3-a392-45d7-b673-e81973d4d629,0
2026-06-04T09:28:05.9371684Z,Warnings (0),0f38d33d-d7ba-4209-a8e4-cb73aafff824,0
2026-06-04T09:28:06.1057658Z,,aa5c6763-e492-48f3-b80d-5f2be1d62103,0
2026-06-04T09:28:06.4045290Z,Triggering container recycle for OneDeploy by adding/updating restartTrigger.txt to the site root path,7e0d4d46-eed2-4a7c-bfc9-1e9fe06c3915,0
2026-06-04T09:28:06.6544326Z,Deployment successful. deployer = OneDeploy deploymentPath = OneDeploy,7b6c4c9f-5982-4d30-8799-9446e4c72e7c,0
