2026-06-04T09:20:06.8089120Z,Updating submodules.,2ffa4316-8c31-4631-a5ef-0de82f8f53de,0
2026-06-04T09:20:08.0080534Z,Preparing deployment for commit id '9eb817b9-f'.,5afd988e-3a7b-4faa-9465-561314f4f0fd,0
2026-06-04T09:20:08.4126082Z,PreDeployment: context.CleanOutputPath False,7a3d2a05-3144-4a53-ba18-c771b091eb50,0
2026-06-04T09:20:08.6405695Z,PreDeployment: context.OutputPath /home/site/wwwroot,0a411ea8-e6d5-4cfa-9cb0-28d0dcdf90bd,0
2026-06-04T09:20:08.8555732Z,Repository path is /tmp/zipdeploy/extracted,c58768a4-c42f-4136-9e61-96c0f1e01368,0
2026-06-04T09:20:09.0156612Z,Running oryx build...,c57d4d64-1736-450c-b86e-f862340ff6c3,0
	2026-06-04T09:20:09.0416530Z,Command: oryx build /tmp/zipdeploy/extracted -o /home/site/wwwroot --platform nodejs --platform-version 22 -p virtualenv_name= --log-file /tmp/build-debug.log  -i /tmp/8dec21a78a2423f -p compress_node_modules=tar-gz | tee /tmp/oryx-build.log,,0
	2026-06-04T09:20:09.7578446Z,Operation performed by Microsoft Oryx&comma; https://github.com/Microsoft/Oryx,,0
	2026-06-04T09:20:09.7648837Z,You can report issues at https://github.com/Microsoft/Oryx/issues,,0
	2026-06-04T09:20:09.7720914Z,,,0
	2026-06-04T09:20:09.7791133Z,Oryx Version: 0.2.20260420.1+83c04e9ee1882dc90d279b63348824daedbd3c96&comma; Commit: 83c04e9ee1882dc90d279b63348824daedbd3c96&comma; ReleaseTagName: 20260420.1,,0
	2026-06-04T09:20:09.7865574Z,,,0
	2026-06-04T09:20:09.7938265Z,Build Operation ID: afddc2689a4be9e9,,0
	2026-06-04T09:20:09.8018720Z,Repository Commit : 9eb817b9-fd3f-419c-819a-2c125768e4bc,,0
	2026-06-04T09:20:09.8087067Z,OS Type           : bookworm,,0
	2026-06-04T09:20:09.8163143Z,Image Type        : githubactions,,0
	2026-06-04T09:20:09.8244772Z,,,0
	2026-06-04T09:20:09.8422648Z,Primary SDK Storage URL: https://oryx-cdn.microsoft.io,,0
	2026-06-04T09:20:09.8498810Z,Backup SDK Storage URL: ,,0
	2026-06-04T09:20:09.8574307Z,ACR SDK Registry URL: (not set),,0
	2026-06-04T09:20:09.8701833Z,SDK provider status:,,0
	2026-06-04T09:20:09.8778978Z,  External ACR SDK provider: Enabled,,0
	2026-06-04T09:20:09.8852718Z,  External SDK provider: Enabled,,0
	2026-06-04T09:20:09.8921343Z,  Direct ACR SDK provider: Disabled,,0
	2026-06-04T09:20:09.8989853Z,  Blob SDK provider: Enabled,,0
	2026-06-04T09:20:09.9060050Z,External ACR SDK provider is enabled. Only using user-specified platform: nodejs,,0
	2026-06-04T09:20:09.9133739Z,Detecting platforms...,,0
	2026-06-04T09:20:10.1017394Z,External ACR provider resolved version '22.22.2' for nodejs.,,0
	2026-06-04T09:20:10.1498329Z,Version resolved using external ACR SDK provider.,,0
	2026-06-04T09:20:10.1569501Z,Detected following platforms:,,0
	2026-06-04T09:20:10.1642537Z,  nodejs: 22.22.2,,0
	2026-06-04T09:20:10.1705521Z,Requesting SDK from ACR via external provider: nodejs 22.22.2 (bookworm),,0
	2026-06-04T09:20:12.1828706Z,Successfully pulled SDK from ACR via external provider: nodejs 22.22.2,,0
	2026-06-04T09:20:12.2247870Z,SDK for 'nodejs' version '22.22.2' fetched via external ACR provider.,,0
	2026-06-04T09:20:12.2485580Z,Version '22.22.2' of platform 'nodejs' is not installed. Generating script to install it...,,0
	2026-06-04T09:20:12.2823764Z,Detected the following frameworks: Express,,0
	2026-06-04T09:20:12.4151833Z,,,0
	2026-06-04T09:20:12.4389376Z,Using intermediate directory '/tmp/8dec21a78a2423f'.,,0
	2026-06-04T09:20:12.4516301Z,,,0
	2026-06-04T09:20:12.4634101Z,Copying files to the intermediate directory...,,0
	2026-06-04T09:20:12.5035347Z,Copying files to intermediate directory done in 0 sec(s).,,0
	2026-06-04T09:20:12.5133035Z,,,0
	2026-06-04T09:20:12.5214476Z,Source directory     : /tmp/8dec21a78a2423f,,0
	2026-06-04T09:20:12.5291145Z,Destination directory: /home/site/wwwroot,,0
	2026-06-04T09:20:12.5362708Z,,,0
	2026-06-04T09:20:12.5424960Z,Installing platform...,,0
	2026-06-04T09:20:12.5538359Z,,,0
	2026-06-04T09:20:12.5633411Z,Downloading and extracting 'nodejs' version '22.22.2' to '/tmp/oryx/platforms/nodejs/22.22.2'...,,0
	2026-06-04T09:20:12.5747201Z,Detected image debian flavor: bookworm.,,0
	2026-06-04T09:20:12.5911737Z,SDK binary download was skipped. Looking for cached tarball...,,0
	2026-06-04T09:20:12.6015766Z,Found tarball at /var/OryxAcrSdks/nodejs/nodejs-bookworm-22.22.2.tar.gz,,0
	2026-06-04T09:20:14.8740459Z,Successfully extracted nodejs version 22.22.2 from cached tarball.,,0
	2026-06-04T09:20:14.8928366Z,,,0
	2026-06-04T09:20:14.9017472Z,Platform installation done in 2 sec(s).,,0
	2026-06-04T09:20:14.9523226Z,Running build script snippets...,,0
	2026-06-04T09:20:14.9668005Z,Removing existing manifest file,,0
	2026-06-04T09:20:14.9815060Z,Creating directory for command manifest file if it does not exist,,0
	2026-06-04T09:20:14.9956514Z,Creating a manifest file...,,0
	2026-06-04T09:20:15.0049996Z,Node Build Command Manifest file created.,,0
	2026-06-04T09:20:15.0175504Z,,,0
	2026-06-04T09:20:15.0338857Z,Using Node version:,,0
	2026-06-04T09:20:15.0477379Z,v22.22.2,,0
	2026-06-04T09:20:15.0600519Z,,,0
	2026-06-04T09:20:15.0763144Z,Using Npm version:,,0
	2026-06-04T09:20:15.3640176Z,10.9.7,,0
	2026-06-04T09:20:15.6514948Z,,,0
	2026-06-04T09:20:15.6643207Z,Running 'npm install'...,,0
	2026-06-04T09:20:15.6720412Z,,,0
	2026-06-04T09:20:42.5049518Z,,,0
	2026-06-04T09:20:42.5117433Z,npm notice,,1
	2026-06-04T09:20:42.5215021Z,added 128 packages&comma; and audited 129 packages in 27s,,0
	2026-06-04T09:20:42.6001887Z,npm notice New major version of npm available! 10.9.7 -> 11.16.0,,1
	2026-06-04T09:20:42.6022823Z,,,0
	2026-06-04T09:20:42.6185750Z,npm notice Changelog: https://github.com/npm/cli/releases/tag/v11.16.0,,1
	2026-06-04T09:20:42.6279424Z,npm notice To update run: npm install -g npm@11.16.0,,1
	2026-06-04T09:20:42.6392853Z,npm notice,,1
	2026-06-04T09:20:42.6459883Z,25 packages are looking for funding,,0
	2026-06-04T09:20:42.6540394Z,  run `npm fund` for details,,0
	2026-06-04T09:20:42.6613280Z,,,0
	2026-06-04T09:20:42.6768111Z,found 0 vulnerabilities,,0
	2026-06-04T09:20:42.6849677Z,,,0
	2026-06-04T09:20:42.6957987Z,Zipping existing node_modules folder...,,0
	2026-06-04T09:20:43.6423236Z,Done in 1 sec(s).,,0
	2026-06-04T09:20:43.6615588Z,Build script snippets done in 29 sec(s).,,0
	2026-06-04T09:20:43.6721569Z,Preparing output...,,0
	2026-06-04T09:20:43.6975101Z,Using standard output preparation...,,0
	2026-06-04T09:20:43.7682188Z,,,0
	2026-06-04T09:20:43.7919793Z,Copying files to destination directory '/home/site/wwwroot'...,,0
	2026-06-04T09:20:43.8891295Z,Copying to destination directory done in 0 sec(s).,,0
	2026-06-04T09:20:43.9045643Z,Total time for destination directory preparation done in 0 sec(s).,,0
	2026-06-04T09:20:43.9169807Z,,,0
	2026-06-04T09:20:43.9302247Z,Removing existing manifest file,,0
	2026-06-04T09:20:43.9424670Z,Creating a manifest file...,,0
	2026-06-04T09:20:43.9564624Z,Manifest file created.,,0
	2026-06-04T09:20:43.9667553Z,Copying .ostype to manifest output directory.,,0
	2026-06-04T09:20:43.9750969Z,,,0
	2026-06-04T09:20:43.9856248Z,Total execution done in 31 sec(s).,,0
2026-06-04T09:20:44.3908162Z,Running post deployment command(s)...,7f97cf8b-af8d-463a-9665-fa0c2d4ee6ae,0
2026-06-04T09:20:44.6461127Z,,53e97acf-82ea-42a1-b7c2-1e8ced03f8f3,0
2026-06-04T09:20:44.8759014Z,Generating summary of Oryx build,ad8fcd20-3f78-4032-b84e-6c4be949c666,0
2026-06-04T09:20:45.0921660Z,Parsing the build logs,d2a6a1bc-fd27-4473-9044-d2958bf69ef7,0
2026-06-04T09:20:45.2979042Z,Found 0 issue(s),6399ff70-b539-4260-9dde-29b4f0c29d04,0
2026-06-04T09:20:45.5572588Z,,6f398f5f-4580-444a-86ff-9783b581192e,0
2026-06-04T09:20:45.7290548Z,Build Summary :,8117e0b8-b78a-4e0f-82ac-12d25114cecf,0
2026-06-04T09:20:45.9275509Z,===============,65c98a01-e72a-48d8-a3cb-57e146a21b80,0
2026-06-04T09:20:46.1252779Z,Errors (0),902d38ec-60d3-4793-a337-07e6d6ee559b,0
2026-06-04T09:20:46.3022774Z,Warnings (0),8c7f840d-93a4-45f0-8115-04b4eba0b91e,0
2026-06-04T09:20:46.5007082Z,,5fa6bb83-34de-4979-8bc5-9eb5da5eb7a1,0
2026-06-04T09:20:46.7198744Z,Triggering container recycle for OneDeploy by adding/updating restartTrigger.txt to the site root path,84e6bb19-66f6-4bd6-b72b-e16a78ac2a3d,0
2026-06-04T09:20:46.9333229Z,Deployment successful. deployer = OneDeploy deploymentPath = OneDeploy,692d7a56-0410-4881-a33d-35798c86e33d,0
