
Deploying services (azd deploy)

Deploying service learner-web
Packaging service learner-web (npm dependencies already up-to-date)
Packaging service learner-web (Running npm package script)
Packaging service learner-web (Compressing deployment artifacts)
Deploying service learner-web (Checking deployment slots)
Deploying service learner-web (Uploading deployment package)
Deploying service learner-web (Received build request, starting build process)
Deploying service learner-web (Running build process)
Deploying service learner-web (Running build process)
Deploying service learner-web (Running build process)
Deploying service learner-web (Running build process)
Deploying service learner-web (Running build process)
Deploying service learner-web (Running build process)
Deploying service learner-web (Running build process)
Deploying service learner-web (Running build process)
Deploying service learner-web (Running build process)
Deploying service learner-web (Running build process)
Deploying service learner-web (Running build process)
Deploying service learner-web (Running build process)
Deploying service learner-web (Running build process)
Deploying service learner-web (Running build process)
Deploying service learner-web (Running build process)
Deploying service learner-web (Running build process)
Deploying service learner-web (Running build process)
Deploying service learner-web (Running build process)
Deploying service learner-web (Running build process)
Deploying service learner-web (Running build process)
Deploying service learner-web (Running build process)
Deploying service learner-web (Running build process)
Deploying service learner-web (Running build process)
Deploying service learner-web (Running build process)
Deploying service learner-web (Running build process)
Deploying service learner-web (Running build process)
Deploying service learner-web (Running build process)
Deploying service learner-web (Running build process)
Deploying service learner-web (Running build process)
Deploying service learner-web (Running build process)
Deploying service learner-web (Running build process)
Deploying service learner-web (Running build process)
Deploying service learner-web (Running build process)
Deploying service learner-web (Running build process)
Deploying service learner-web (Running build process)
Deploying service learner-web (Running build process)
Deploying service learner-web (Running build process)
Deploying service learner-web (Starting runtime process, 1 in progress instances, 0 successful instances)
Deploying service learner-web (Starting runtime process, 1 in progress instances, 0 successful instances)
Deploying service learner-web (Starting runtime process, 1 in progress instances, 0 successful instances)
Deploying service learner-web (Starting runtime process, 1 in progress instances, 0 successful instances)
Deploying service learner-web (Starting runtime process, 1 in progress instances, 0 successful instances)
Deploying service learner-web (Starting runtime process, 1 in progress instances, 0 successful instances)
Deploying service learner-web (Starting runtime process, 1 in progress instances, 0 successful instances)
Deploying service learner-web (Starting runtime process, 1 in progress instances, 0 successful instances)
Deploying service learner-web (Starting runtime process, 1 in progress instances, 0 successful instances)
Deploying service learner-web (Starting runtime process, 1 in progress instances, 0 successful instances)
